
> app_temp@0.1.0 build
> next build

   Γû▓ Next.js 16.0.7 (Turbopack)
   - Environments: .env

node.exe :  ΓÜá The 
"middleware" file 
convention is 
deprecated. Please 
use "proxy" instead. 
Learn more: https://n
extjs.org/docs/messag
es/middleware-to-prox
y
At C:\Program Files\n
odejs\npm.ps1:29 
char:3
+   & $NODE_EXE 
$NPM_CLI_JS $args
+   ~~~~~~~~~~~~~~~~~
~~~~~~~~~~~~
    + CategoryInfo   
           : NotSpe  
  cified: ( ΓÜá Th   
 e "middl...lewar    
e-to-proxy:Strin    
g) [], RemoteExc    
eption
    + FullyQualified 
   ErrorId : Native  
  CommandError
 
   Creating an optimized production build ...
 Γ£ô Compiled successfully in 15.3s
   Running TypeScript ...
Failed to compile.

./app/api/debug/trans
actions/route.ts:21:2
0
Type error: 'error' 
is of type 'unknown'.

[0m [90m 19 |[39m 
    } 
[36mcatch[39m 
(error) {
 [90m 20 |[39m     
    [36mreturn[39m 
[33mNextResponse[39
m[33m.[39mjson({
[31m[1m>[22m[39m
[90m 21 |[39m       
      
error[33m:[39m erro
r[33m.[39mmessage[
33m,[39m
 [90m    |[39m     
               
[31m[1m^[22m[39m
 [90m 22 |[39m     
        
stack[33m:[39m 
error[33m.[39mstack
 [90m 23 |[39m     
    }[33m,[39m { 
status[33m:[39m 
[35m500[39m })
 [90m 24 |[39m     
}[0m
Next.js build worker 
exited with code: 1 
and signal: null
